--------- beginning of main
--------- beginning of system
--------- beginning of crash
05-06 21:20:51.640  7912  7912 E AndroidRuntime: FATAL EXCEPTION: main
05-06 21:20:51.640  7912  7912 E AndroidRuntime: Process: dev.sorta.tv, PID: 7912
05-06 21:20:51.640  7912  7912 E AndroidRuntime: android.view.InflateException: Binary XML file line #23: Binary XML file line #23: You must supply a layout_width attribute.
05-06 21:20:51.640  7912  7912 E AndroidRuntime: Caused by: java.lang.UnsupportedOperationException: Binary XML file line #23: You must supply a layout_width attribute.
05-06 21:20:51.640  7912  7912 E AndroidRuntime: 	at android.content.res.TypedArray.getLayoutDimension(TypedArray.java:765)
05-06 21:20:51.640  7912  7912 E AndroidRuntime: 	at android.view.ViewGroup$LayoutParams.setBaseAttributes(ViewGroup.java:7036)
05-06 21:20:51.640  7912  7912 E AndroidRuntime: 	at android.view.ViewGroup$MarginLayoutParams.<init>(ViewGroup.java:7218)
05-06 21:20:51.640  7912  7912 E AndroidRuntime: 	at android.widget.FrameLayout$LayoutParams.<init>(FrameLayout.java:439)
05-06 21:20:51.640  7912  7912 E AndroidRuntime: 	at androidx.leanback.widget.BaseCardView$LayoutParams.<init>(BaseCardView.java:865)
05-06 21:20:51.640  7912  7912 E AndroidRuntime: 	at androidx.leanback.widget.BaseCardView.generateLayoutParams(BaseCardView.java:820)
05-06 21:20:51.640  7912  7912 E AndroidRuntime: 	at androidx.leanback.widget.BaseCardView.generateLayoutParams(BaseCardView.java:55)
05-06 21:20:51.640  7912  7912 E AndroidRuntime: 	at android.view.LayoutInflater.rInflate(LayoutInflater.java:860)
05-06 21:20:51.640  7912  7912 E AndroidRuntime: 	at android.view.LayoutInflater.inflate(LayoutInflater.java:492)
05-06 21:20:51.640  7912  7912 E AndroidRuntime: 	at android.view.LayoutInflater.inflate(LayoutInflater.java:426)
05-06 21:20:51.640  7912  7912 E AndroidRuntime: 	at android.view.LayoutInflater.inflate(LayoutInflater.java:377)
05-06 21:20:51.640  7912  7912 E AndroidRuntime: 	at androidx.leanback.widget.ImageCardView.buildImageCardView(ImageCardView.java:170)
05-06 21:20:51.640  7912  7912 E AndroidRuntime: 	at androidx.leanback.widget.ImageCardView.<init>(ImageCardView.java:161)
05-06 21:20:51.640  7912  7912 E AndroidRuntime: 	at androidx.leanback.widget.ImageCardView.<init>(ImageCardView.java:291)
05-06 21:20:51.640  7912  7912 E AndroidRuntime: 	at androidx.leanback.widget.ImageCardView.<init>(ImageCardView.java:284)
05-06 21:20:51.640  7912  7912 E AndroidRuntime: 	at dev.sorta.tv.ui.CardPresenter.onCreateViewHolder(CardPresenter.kt:33)
05-06 21:20:51.640  7912  7912 E AndroidRuntime: 	at androidx.leanback.widget.ItemBridgeAdapter.onCreateViewHolder(ItemBridgeAdapter.java:349)
05-06 21:20:51.640  7912  7912 E AndroidRuntime: 	at androidx.recyclerview.widget.RecyclerView$Adapter.createViewHolder(RecyclerView.java:7788)
05-06 21:20:51.640  7912  7912 E AndroidRuntime: 	at androidx.recyclerview.widget.RecyclerView$Recycler.tryGetViewHolderForPositionByDeadline(RecyclerView.java:6873)
05-06 21:20:51.640  7912  7912 E AndroidRuntime: 	at androidx.recyclerview.widget.RecyclerView$Recycler.getViewForPosition(RecyclerView.java:6757)
05-06 21:20:51.640  7912  7912 E AndroidRuntime: 	at androidx.recyclerview.widget.RecyclerView$Recycler.getViewForPosition(RecyclerView.java:6753)
05-06 21:20:51.640  7912  7912 E AndroidRuntime: 	at androidx.leanback.widget.GridLayoutManager.measureScrapChild(GridLayoutManager.java:1288)
05-06 21:20:51.640  7912  7912 E AndroidRuntime: 	at androidx.leanback.widget.GridLayoutManager.processRowSizeSecondary(GridLayoutManager.java:1372)
05-06 21:20:51.640  7912  7912 E AndroidRuntime: 	at androidx.leanback.widget.GridLayoutManager.onMeasure(GridLayoutManager.java:1476)
05-06 21:20:51.640  7912  7912 E AndroidRuntime: 	at androidx.recyclerview.widget.RecyclerView.onMeasure(RecyclerView.java:4078)
05-06 21:20:51.640  7912  7912 E AndroidRuntime: 	at android.view.View.measure(View.java:19857)
05-06 21:20:51.640  7912  7912 E AndroidRuntime: 	at android.view.ViewGroup.measureChildWithMargins(ViewGroup.java:6085)
05-06 21:20:51.640  7912  7912 E AndroidRuntime: 	at android.widget.LinearLayout.measureChildBeforeLayout(LinearLayout.java:1464)
05-06 21:20:51.640  7912  7912 E AndroidRuntime: 	at android.widget.LinearLayout.measureVertical(LinearLayout.java:758)
05-06 21:20:51.640  7912  7912 E AndroidRuntime: 	at android.widget.LinearLayout.onMeasure(LinearLayout.java:640)
05-06 21:20:51.640  7912  7912 E AndroidRuntime: 	at android.view.View.measure(View.java:19857)
05-06 21:20:51.640  7912  7912 E AndroidRuntime: 	at android.view.ViewGroup.measureChildWithMargins(ViewGroup.java:6085)
05-06 21:20:51.640  7912  7912 E AndroidRuntime: 	at android.widget.LinearLayout.measureChildBeforeLayout(LinearLayout.java:1464)
05-06 21:20:51.640  7912  7912 E AndroidRuntime: 	at android.widget.LinearLayout.measureVertical(LinearLayout.java:758)
05-06 21:20:51.640  7912  7912 E AndroidRuntime: 	at android.widget.LinearLayout.onMeasure(LinearLayout.java:640)
05-06 21:20:51.640  7912  7912 E AndroidRuntime: 	at android.view.View.measure(View.java:19857)
05-06 21:20:51.640  7912  7912 E AndroidRuntime: 	at androidx.leanback.widget.GridLayoutManager.measureChild(GridLayoutManager.java:1568)
05-06 21:20:51.640  7912  7912 E AndroidRuntime: 	at androidx.leanback.widget.GridLayoutManager$2.createItem(GridLayoutManager.java:1671)
05-06 21:20:51.640  7912  7912 E AndroidRuntime: 	at androidx.leanback.widget.SingleRow.appendVisibleItems(SingleRow.java:113)
05-06 21:20:51.640  7912  7912 E AndroidRuntime: 	at androidx.leanback.widget.Grid.appendOneColumnVisibleItems(Grid.java:389)
05-06 21:20:51.640  7912  7912 E AndroidRuntime: 	at androidx.leanback.widget.GridLayoutManager.appendOneColumnVisibleItems(GridLayoutManager.java:1839)
05-06 21:20:51.640  7912  7912 E AndroidRuntime: 	at androidx.leanback.widget.GridLayoutManager.onLayoutChildren(GridLayoutManager.java:2276)
05-06 21:20:51.640  7912  7912 E AndroidRuntime: 	at androidx.recyclerview.widget.RecyclerView.dispatchLayoutStep2(RecyclerView.java:4645)
05-06 21:20:51.640  7912  7912 E AndroidRuntime: 	at androidx.recyclerview.widget.RecyclerView.dispatchLayout(RecyclerView.java:4348)
05-06 21:20:51.640  7912  7912 E AndroidRuntime: 	at androidx.recyclerview.widget.RecyclerView.onLayout(RecyclerView.java:4919)
05-06 21:20:51.640  7912  7912 E AndroidRuntime: 	at android.view.View.layout(View.java:17637)
05-06 21:20:51.640  7912  7912 E AndroidRuntime: 	at android.view.ViewGroup.layout(ViewGroup.java:5577)
05-06 21:20:51.641  7912  7912 E AndroidRuntime: 	at androidx.leanback.widget.ScaleFrameLayout.onLayout(ScaleFrameLayout.java:173)
05-06 21:20:51.641  7912  7912 E AndroidRuntime: 	at android.view.View.layout(View.java:17637)
05-06 21:20:51.641  7912  7912 E AndroidRuntime: 	at android.view.ViewGroup.layout(ViewGroup.java:5577)
05-06 21:20:51.641  7912  7912 E AndroidRuntime: 	at android.widget.FrameLayout.layoutChildren(FrameLayout.java:323)
05-06 21:20:51.641  7912  7912 E AndroidRuntime: 	at android.widget.FrameLayout.onLayout(FrameLayout.java:261)
05-06 21:20:51.641  7912  7912 E AndroidRuntime: 	at android.view.View.layout(View.java:17637)
05-06 21:20:51.641  7912  7912 E AndroidRuntime: 	at android.view.ViewGroup.layout(ViewGroup.java:5577)
05-06 21:20:51.641  7912  7912 E AndroidRuntime: 	at android.widget.FrameLayout.layoutChildren(FrameLayout.java:323)
05-06 21:20:51.641  7912  7912 E AndroidRuntime: 	at android.widget.FrameLayout.onLayout(FrameLayout.java:261)
05-06 21:20:51.641  7912  7912 E AndroidRuntime: 	at android.view.View.layout(View.java:17637)
05-06 21:20:51.641  7912  7912 E AndroidRuntime: 	at android.view.ViewGroup.layout(ViewGroup.java:5577)
05-06 21:20:51.641  7912  7912 E AndroidRuntime: 	at android.widget.FrameLayout.layoutChildren(FrameLayout.java:323)
05-06 21:20:51.641  7912  7912 E AndroidRuntime: 	at android.widget.FrameLayout.onLayout(FrameLayout.java:261)
05-06 21:20:51.641  7912  7912 E AndroidRuntime: 	at android.view.View.layout(View.java:17637)
05-06 21:20:51.641  7912  7912 E AndroidRuntime: 	at android.view.ViewGroup.layout(ViewGroup.java:5577)
05-06 21:20:51.641  7912  7912 E AndroidRuntime: 	at android.widget.FrameLayout.layoutChildren(FrameLayout.java:323)
05-06 21:20:51.641  7912  7912 E AndroidRuntime: 	at android.widget.FrameLayout.onLayout(FrameLayout.java:261)
05-06 21:20:51.641  7912  7912 E AndroidRuntime: 	at android.view.View.layout(View.java:17637)
05-06 21:20:51.641  7912  7912 E AndroidRuntime: 	at android.view.ViewGroup.layout(ViewGroup.java:5577)
05-06 21:20:51.641  7912  7912 E AndroidRuntime: 	at android.widget.FrameLayout.layoutChildren(FrameLayout.java:323)
05-06 21:20:51.641  7912  7912 E AndroidRuntime: 	at android.widget.FrameLayout.onLayout(FrameLayout.java:261)
05-06 21:20:51.641  7912  7912 E AndroidRuntime: 	at android.view.View.layout(View.java:17637)
05-06 21:20:51.641  7912  7912 E AndroidRuntime: 	at android.view.ViewGroup.layout(ViewGroup.java:5577)
05-06 21:20:51.641  7912  7912 E AndroidRuntime: 	at com.android.internal.widget.ActionBarOverlayLayout.onLayout(ActionBarOverlayLayout.java:493)
05-06 21:20:51.641  7912  7912 E AndroidRuntime: 	at android.view.View.layout(View.java:17637)
05-06 21:20:51.641  7912  7912 E AndroidRuntime: 	at android.view.ViewGroup.layout(ViewGroup.java:5577)
05-06 21:20:51.641  7912  7912 E AndroidRuntime: 	at android.widget.FrameLayout.layoutChildren(FrameLayout.java:323)
05-06 21:20:51.641  7912  7912 E AndroidRuntime: 	at android.widget.FrameLayout.onLayout(FrameLayout.java:261)
05-06 21:20:51.641  7912  7912 E AndroidRuntime: 	at com.android.internal.policy.DecorView.onLayout(DecorView.java:727)
05-06 21:20:51.641  7912  7912 E AndroidRuntime: 	at android.view.View.layout(View.java:17637)
05-06 21:20:51.641  7912  7912 E AndroidRuntime: 	at android.view.ViewGroup.layout(ViewGroup.java:5577)
05-06 21:20:51.641  7912  7912 E AndroidRuntime: 	at android.view.ViewRootImpl.performLayout(ViewRootImpl.java:2346)
05-06 21:20:51.641  7912  7912 E AndroidRuntime: 	at android.view.ViewRootImpl.performTraversals(ViewRootImpl.java:2068)
05-06 21:20:51.641  7912  7912 E AndroidRuntime: 	at android.view.ViewRootImpl.doTraversal(ViewRootImpl.java:1254)
05-06 21:20:51.641  7912  7912 E AndroidRuntime: 	at android.view.ViewRootImpl$TraversalRunnable.run(ViewRootImpl.java:6338)
05-06 21:20:51.641  7912  7912 E AndroidRuntime: 	at android.view.Choreographer$CallbackRecord.run(Choreographer.java:874)
05-06 21:20:51.641  7912  7912 E AndroidRuntime: 	at android.view.Choreographer.doCallbacks(Choreographer.java:686)
05-06 21:20:51.641  7912  7912 E AndroidRuntime: 	at android.view.Choreographer.doFrame(Choreographer.java:621)
05-06 21:20:51.641  7912  7912 E AndroidRuntime: 	at android.view.Choreographer$FrameDisplayEventReceiver.run(Choreographer.java:860)
05-06 21:20:51.641  7912  7912 E AndroidRuntime: 	at android.os.Handler.handleCallback(Handler.java:751)
05-06 21:20:51.641  7912  7912 E AndroidRuntime: 	at android.os.Handler.dispatchMessage(Handler.java:95)
05-06 21:20:51.641  7912  7912 E AndroidRuntime: 	at android.os.Looper.loop(Looper.java:154)
05-06 21:20:51.641  7912  7912 E AndroidRuntime: 	at android.app.ActivityThread.main(ActivityThread.java:6121)
05-06 21:20:51.641  7912  7912 E AndroidRuntime: 	at java.lang.reflect.Method.invoke(Native Method)
05-06 21:20:51.641  7912  7912 E AndroidRuntime: 	at com.android.internal.os.ZygoteInit$MethodAndArgsCaller.run(ZygoteInit.java:892)
05-06 21:20:51.641  7912  7912 E AndroidRuntime: 	at com.android.internal.os.ZygoteInit.main(ZygoteInit.java:782)
